ExpansionTraderHelga.TakistanFoodTrader|9060.090820 8.916530 10115.857422|9.000012 0.000000 -0.000000|Armband_UEC,QuiltedJacket_Green,CargoPants_Black,HuntingVest,HikingBoots_Black,
ExpansionTraderJudy.Car|8985.304688 11.703485 10144.346680|171.000107 0.000000 -0.000000|WorkingGloves_Yellow,WorkingBoots_Grey,Headtorch_Black,JumpsuitPants_Blue,ReflexVest,TrackSuitJacket_Black,
ExpansionTraderIndar.Clothes|9064.889648 8.723702 10103.458008|80.999977 0.000000 -0.000000|AthleticShoes_Grey,WoolCoat_Red,NioshFaceMask,Jeans_Black,AviatorGlasses,Armband_UEC,
ExpansionTraderRolf.Weapon|9008.019531 9.712287 10143.037109|89.999947 0.000000 -0.000000|FOG_FieldPants_Grey,JungleBoots_Black,FOG_Jacket_SoftShell_Grey,FOG_GunGloves_Tan,FOG_M32_Headset_RG,FOG_Vest_D3CRX_Grey,Armband_UEC,
ExpansionTraderHassan.Misc|9067.444336 8.723702 10110.747070|98.999947 0.000000 -0.000000|Armband_UEC,WorkingGloves_Beige,BeanieHat_Brown,Sweater_Blue,Jeans_Blue,HikingBoots_Brown,
ExpansionTraderSeth.MilitaryClothes|9018.679688 9.702538 10141.964844|-80.999954 -0.000000 -0.000000|FOG_Pants_Crye_G3_MCAL,FOG_GunGloves_Tan,FOG_Hooded_Parka_ALP,FOG_BISON_Belt_RG,FOG_Combat_HikingBoots_Khaki,FOG_Fleececap_Grey,FOG_Bag_BlackJack_RG,Armband_UEC,
ExpansionTraderLinda.Medical|9070.997070 8.723702 10097.566406|-134.999863 0.000000 -0.000000|MedicalScrubsHat_Blue,SurgicalGloves_White,NurseDress_Blue,Ballerinas_Yellow,MedicalScrubsPants_Blue,SurgicalMask,ThinFramesGlasses,Armband_UEC,
